// Jest Snapshot v1, https://goo.gl/fbAQLP

exports[`component NoSSR 1`] = `
<p>
  No SSR.
</p>
`;
